---
source: crates/convert/tests/main.rs
expression: "String::from_utf8_lossy(&rust)"
---
fn _f0(_l0: i32) -> i32 {
i32::wrapping_add(_l0, 5i32)
}
fn _f1(&self, _l0: i32) -> ::core::result::Result<i32, embedder::Trap> {
Ok(Self::_f0(Self::_f0(Self::_f0(_l0))))
}
fn _f2(_l0: i32) -> i32 {
let (_t0, _t1) = '_b2: {
(_l0, _l0)
}; // '_b1
i32::wrapping_add(_t0, _t1)
}
fn _f3() -> ::core::result::Result<i32, embedder::Trap> {
return ::core::result::Err(embedder::rt::trap::Trap::with_code(embedder::rt::trap::TrapCode::Unreachable, todo!("how to encode _f3 @ 0x1")));
}
fn _f4(_l0: i32) -> i32 {
let _t0 = '_b2: { { if _l0 == 0x2Ai32 {
0x42424242i32
} else {
0xDEADi32
} }; // '_b1
_t0
}
